2026-07-28 13:38:16 | INFO    | رسالة تجريبية 1: بدء اختبار نظام التسجيل
2026-07-28 13:38:16 | INFO    | رسالة تجريبية 2: تم استيراد 100 سجل بنجاح
2026-07-28 13:45:11 | INFO    | تم حذف Collection: people
2026-07-28 13:45:11 | INFO    | تم حذف Collection: governorates
2026-07-28 13:45:11 | INFO    | تم حذف Collection: regions
2026-07-28 13:45:11 | INFO    | تم استيراد المحافظات: 3 سجل
2026-07-28 13:45:11 | INFO    | تم استيراد المناطق: 3 سجل
2026-07-28 13:45:11 | INFO    | تخطي governorates: مستوردة مسبقاً (Resume)
2026-07-28 13:45:11 | INFO    | استكمال استيراد people من السجل رقم 10
2026-07-28 13:45:11 | INFO    | اكتمل استيراد people: 25 سجل بالإجمالي
2026-07-28 13:45:11 | INFO    | تم إنشاء جميع الفهارس بنجاح
2026-07-28 13:48:47 | INFO    | ============================================================
2026-07-28 13:48:47 | INFO    | بدء عملية الترحيل
2026-07-28 13:48:47 | INFO    | ============================================================
2026-07-28 13:48:47 | INFO    | تم تفعيل --fresh: تجاهل أي تقدم سابق محفوظ
2026-07-28 13:48:47 | INFO    | بداية جديدة بالكامل -> حذف Collections القديمة (people, governorates, regions)
2026-07-28 13:48:47 | INFO    | تم حذف Collection: people
2026-07-28 13:48:47 | INFO    | تم حذف Collection: governorates
2026-07-28 13:48:47 | INFO    | تم حذف Collection: regions
2026-07-28 13:48:47 | INFO    | --- استيراد المحافظات ---
2026-07-28 13:48:47 | INFO    | تم استيراد المحافظات: 3 سجل
2026-07-28 13:48:47 | INFO    | --- استيراد المناطق ---
2026-07-28 13:48:47 | INFO    | تم استيراد المناطق: 3 سجل
2026-07-28 13:48:47 | INFO    | --- استيراد الأشخاص (قد تستغرق وقتاً طويلاً) ---
2026-07-28 13:48:47 | INFO    | اكتمل استيراد people: 25 سجل بالإجمالي
2026-07-28 13:48:47 | INFO    | --- إنشاء الفهارس ---
2026-07-28 13:48:47 | INFO    | تم إنشاء جميع الفهارس بنجاح
2026-07-28 13:48:47 | INFO    | اكتملت عملية الترحيل بنجاح: 25 سجل شخص، خلال 0.1 ثانية (400 سجل/ثانية)
2026-07-28 13:48:47 | INFO    | ============================================================
2026-07-28 13:48:47 | INFO    | ============================================================
2026-07-28 13:48:47 | INFO    | بدء عملية الترحيل
2026-07-28 13:48:47 | INFO    | ============================================================
2026-07-28 13:48:47 | INFO    | تم اكتشاف تقدم سابق غير مكتمل -> استكمال العمل من آخر نقطة بدلاً من الحذف
2026-07-28 13:48:47 | INFO    | --- استيراد المحافظات ---
2026-07-28 13:48:47 | INFO    | تخطي governorates: مستوردة مسبقاً (Resume)
2026-07-28 13:48:47 | INFO    | --- استيراد المناطق ---
2026-07-28 13:48:47 | INFO    | تخطي regions: مستوردة مسبقاً (Resume)
2026-07-28 13:48:47 | INFO    | --- استيراد الأشخاص (قد تستغرق وقتاً طويلاً) ---
2026-07-28 13:48:47 | INFO    | تخطي people: مستوردة مسبقاً بالكامل (Resume)
2026-07-28 13:48:47 | INFO    | --- إنشاء الفهارس ---
2026-07-28 13:48:47 | INFO    | تم إنشاء جميع الفهارس بنجاح
2026-07-28 13:48:47 | INFO    | اكتملت عملية الترحيل بنجاح: 25 سجل شخص، خلال 0.0 ثانية (25008 سجل/ثانية)
2026-07-28 13:48:47 | INFO    | ============================================================
2026-07-28 13:48:47 | INFO    | تم استيراد المحافظات: 3 سجل
2026-07-28 13:48:47 | INFO    | تم استيراد المناطق: 3 سجل
2026-07-28 13:48:47 | INFO    | ============================================================
2026-07-28 13:48:47 | INFO    | بدء عملية الترحيل
2026-07-28 13:48:47 | INFO    | ============================================================
2026-07-28 13:48:47 | INFO    | تم اكتشاف تقدم سابق غير مكتمل -> استكمال العمل من آخر نقطة بدلاً من الحذف
2026-07-28 13:48:47 | INFO    | --- استيراد المحافظات ---
2026-07-28 13:48:47 | INFO    | تخطي governorates: مستوردة مسبقاً (Resume)
2026-07-28 13:48:47 | INFO    | --- استيراد المناطق ---
2026-07-28 13:48:47 | INFO    | تخطي regions: مستوردة مسبقاً (Resume)
2026-07-28 13:48:47 | INFO    | --- استيراد الأشخاص (قد تستغرق وقتاً طويلاً) ---
2026-07-28 13:48:47 | INFO    | استكمال استيراد people من السجل رقم 10
2026-07-28 13:48:47 | INFO    | اكتمل استيراد people: 25 سجل بالإجمالي
2026-07-28 13:48:47 | INFO    | --- إنشاء الفهارس ---
2026-07-28 13:48:47 | INFO    | تم إنشاء جميع الفهارس بنجاح
2026-07-28 13:48:47 | INFO    | اكتملت عملية الترحيل بنجاح: 25 سجل شخص، خلال 0.0 ثانية (4708 سجل/ثانية)
2026-07-28 13:48:47 | INFO    | ============================================================
2026-07-28 13:50:30 | INFO    | ============================================================
2026-07-28 13:50:30 | INFO    | بدء عملية الترحيل
2026-07-28 13:50:30 | INFO    | ============================================================
2026-07-28 13:50:30 | INFO    | تم اكتشاف تقدم سابق غير مكتمل -> استكمال العمل من آخر نقطة بدلاً من الحذف
2026-07-28 13:50:30 | INFO    | --- استيراد المحافظات ---
2026-07-28 13:50:30 | INFO    | تخطي governorates: مستوردة مسبقاً (Resume)
2026-07-28 13:50:30 | INFO    | --- استيراد المناطق ---
2026-07-28 13:50:30 | INFO    | تخطي regions: مستوردة مسبقاً (Resume)
2026-07-28 13:50:30 | INFO    | --- استيراد الأشخاص (قد تستغرق وقتاً طويلاً) ---
2026-07-28 13:50:30 | INFO    | تخطي people: مستوردة مسبقاً بالكامل (Resume)
2026-07-28 13:50:30 | INFO    | --- إنشاء الفهارس ---
2026-07-28 13:50:30 | INFO    | تم إنشاء جميع الفهارس بنجاح
2026-07-28 13:50:30 | INFO    | اكتملت عملية الترحيل بنجاح: 25 سجل شخص، خلال 0.2 ثانية (103 سجل/ثانية)
2026-07-28 13:50:30 | INFO    | ============================================================
2026-07-28 13:51:41 | INFO    | ============================================================
2026-07-28 13:51:41 | INFO    | بدء عملية الترحيل
2026-07-28 13:51:41 | INFO    | ============================================================
2026-07-28 13:51:41 | INFO    | تم تفعيل --fresh: تجاهل أي تقدم سابق محفوظ
2026-07-28 13:51:41 | INFO    | بداية جديدة بالكامل -> حذف Collections القديمة (people, governorates, regions)
2026-07-28 13:51:41 | INFO    | تم حذف Collection: people
2026-07-28 13:51:41 | INFO    | تم حذف Collection: governorates
2026-07-28 13:51:41 | INFO    | تم حذف Collection: regions
2026-07-28 13:51:41 | INFO    | --- استيراد المحافظات ---
2026-07-28 13:51:41 | INFO    | تم استيراد المحافظات: 17 سجل
2026-07-28 13:51:41 | INFO    | --- استيراد المناطق ---
2026-07-28 13:51:41 | INFO    | تم استيراد المناطق: 600 سجل
2026-07-28 13:51:41 | INFO    | --- استيراد الأشخاص (قد تستغرق وقتاً طويلاً) ---
2026-07-28 13:55:06 | INFO    | اكتمل استيراد people: 4126576 سجل بالإجمالي
2026-07-28 13:55:06 | INFO    | --- إنشاء الفهارس ---
2026-07-28 13:55:06 | INFO    | تم إنشاء جميع الفهارس بنجاح
2026-07-28 13:55:06 | INFO    | اكتملت عملية الترحيل بنجاح: 4126576 سجل شخص، خلال 205.1 ثانية (20124 سجل/ثانية)
2026-07-28 13:55:06 | INFO    | ============================================================
2026-07-28 14:07:27 | INFO    | ============================================================
2026-07-28 14:07:27 | INFO    | بدء عملية الترحيل
2026-07-28 14:07:27 | INFO    | ============================================================
2026-07-28 14:07:27 | INFO    | تم تفعيل --fresh: تجاهل أي تقدم سابق محفوظ
2026-07-28 14:07:27 | INFO    | بداية جديدة بالكامل -> حذف Collections القديمة (people, governorates, regions)
2026-07-28 14:07:27 | INFO    | تم حذف Collection: people
2026-07-28 14:07:27 | INFO    | تم حذف Collection: governorates
2026-07-28 14:07:27 | INFO    | تم حذف Collection: regions
2026-07-28 14:07:27 | INFO    | --- استيراد المحافظات ---
2026-07-28 14:07:27 | INFO    | تم استيراد المحافظات: 17 سجل
2026-07-28 14:07:27 | INFO    | --- استيراد المناطق ---
2026-07-28 14:07:27 | INFO    | تم استيراد المناطق: 600 سجل
2026-07-28 14:07:27 | INFO    | --- استيراد الأشخاص (قد تستغرق وقتاً طويلاً) ---
2026-07-28 14:12:29 | INFO    | اكتمل استيراد people: تمت قراءة 4126576 سجل من Access، تم إدخال 4126576 سجل بنجاح في هذا التشغيل، والعدد الفعلي الحالي في MongoDB = 4126576
2026-07-28 14:12:29 | INFO    | --- إنشاء الفهارس ---
2026-07-28 14:14:26 | INFO    | تم إنشاء جميع الفهارس بنجاح
2026-07-28 14:14:26 | INFO    | اكتملت عملية الترحيل بنجاح: 4126576 سجل شخص، خلال 418.7 ثانية (9855 سجل/ثانية)
2026-07-28 14:14:26 | INFO    | ============================================================
2026-07-28 22:35:47 | INFO    | تم حذف Collection: Sgaza
2026-07-28 22:35:47 | INFO    | تم حذف Collection: المحافظات
2026-07-28 22:35:47 | INFO    | تم حذف Collection: سجل_الزيارات
2026-07-28 22:35:47 | INFO    | اكتمل استيراد Sgaza: قراءة 23 سجل، إدخال 23 سجل في هذا التشغيل، العدد الفعلي الحالي = 23
2026-07-28 22:35:47 | INFO    | اكتمل استيراد المحافظات: قراءة 3 سجل، إدخال 3 سجل في هذا التشغيل، العدد الفعلي الحالي = 3
2026-07-28 22:35:47 | INFO    | تنبيه: الجدول سجل_الزيارات ليس له مفتاح أساسي بسيط -> ترتيب القراءة قد لا يكون ثابتاً 100% بين عمليات التشغيل. يُفضّل عدم مقاطعة استيراد هذا الجدول تحديداً.
2026-07-28 22:35:47 | INFO    | اكتمل استيراد سجل_الزيارات: قراءة 12 سجل، إدخال 12 سجل في هذا التشغيل، العدد الفعلي الحالي = 12
2026-07-28 22:35:47 | INFO    | تم إنشاء فهرس فريد على Sgaza.الهوية
2026-07-28 22:35:47 | INFO    | تم إنشاء فهرس فريد على المحافظات.رقم المحافظة
2026-07-28 22:35:47 | INFO    | استكمال استيراد Sgaza من السجل رقم 10
2026-07-28 22:35:47 | INFO    | اكتمل استيراد Sgaza: قراءة 23 سجل، إدخال 13 سجل في هذا التشغيل، العدد الفعلي الحالي = 23
2026-07-28 22:35:55 | INFO    | ============================================================
2026-07-28 22:35:55 | INFO    | بدء عملية الترحيل التلقائي (كل الجداول)
2026-07-28 22:35:55 | INFO    | ============================================================
2026-07-28 22:35:55 | INFO    | تم تفعيل --fresh: تجاهل أي تقدم سابق محفوظ
2026-07-28 22:35:55 | INFO    | تم اكتشاف 2 جدول في Access: Sgaza، المحافظات
2026-07-28 22:35:55 | INFO    | بداية جديدة بالكامل -> حذف كل Collections المطابقة لأسماء الجداول
2026-07-28 22:35:55 | INFO    | تم حذف Collection: Sgaza
2026-07-28 22:35:55 | INFO    | تم حذف Collection: المحافظات
2026-07-28 22:35:55 | INFO    | اكتمل استيراد Sgaza: قراءة 23 سجل، إدخال 23 سجل في هذا التشغيل، العدد الفعلي الحالي = 23
2026-07-28 22:35:55 | INFO    | اكتمل استيراد المحافظات: قراءة 3 سجل، إدخال 3 سجل في هذا التشغيل، العدد الفعلي الحالي = 3
2026-07-28 22:35:55 | INFO    | --- إنشاء الفهارس (المفتاح الأساسي لكل جدول إن وُجد) ---
2026-07-28 22:35:55 | INFO    | تم إنشاء فهرس فريد على Sgaza.الهوية
2026-07-28 22:35:55 | INFO    | تم إنشاء فهرس فريد على المحافظات.رقم المحافظة
2026-07-28 22:35:55 | INFO    | اكتملت عملية الترحيل بنجاح خلال 0.0 ثانية. ملخص الجداول: {'Sgaza': 23, 'المحافظات': 3}
2026-07-28 22:35:55 | INFO    | ============================================================
2026-07-28 22:35:55 | INFO    | ============================================================
2026-07-28 22:35:55 | INFO    | بدء عملية الترحيل التلقائي (كل الجداول)
2026-07-28 22:35:55 | INFO    | ============================================================
2026-07-28 22:35:55 | INFO    | تم اكتشاف 2 جدول في Access: Sgaza، المحافظات
2026-07-28 22:35:55 | INFO    | تم اكتشاف تقدم سابق غير مكتمل -> استكمال العمل من آخر نقطة
2026-07-28 22:35:55 | INFO    | تخطي Sgaza: مستوردة مسبقاً بالكامل (Resume)
2026-07-28 22:35:55 | INFO    | تخطي المحافظات: مستوردة مسبقاً بالكامل (Resume)
2026-07-28 22:35:55 | INFO    | --- إنشاء الفهارس (المفتاح الأساسي لكل جدول إن وُجد) ---
2026-07-28 22:35:55 | INFO    | تم إنشاء فهرس فريد على Sgaza.الهوية
2026-07-28 22:35:55 | INFO    | تم إنشاء فهرس فريد على المحافظات.رقم المحافظة
2026-07-28 22:35:55 | INFO    | اكتملت عملية الترحيل بنجاح خلال 0.0 ثانية. ملخص الجداول: {'Sgaza': 0, 'المحافظات': 0}
2026-07-28 22:35:55 | INFO    | ============================================================
2026-07-28 22:35:55 | INFO    | ============================================================
2026-07-28 22:35:55 | INFO    | بدء عملية الترحيل التلقائي (كل الجداول)
2026-07-28 22:35:55 | INFO    | ============================================================
2026-07-28 22:35:55 | INFO    | تم اكتشاف 2 جدول في Access: Sgaza، المحافظات
2026-07-28 22:35:55 | INFO    | تم اكتشاف تقدم سابق غير مكتمل -> استكمال العمل من آخر نقطة
2026-07-28 22:35:55 | INFO    | استكمال استيراد Sgaza من السجل رقم 10
2026-07-28 22:35:55 | INFO    | اكتمل استيراد Sgaza: قراءة 23 سجل، إدخال 13 سجل في هذا التشغيل، العدد الفعلي الحالي = 23
2026-07-28 22:35:55 | INFO    | اكتمل استيراد المحافظات: قراءة 3 سجل، إدخال 3 سجل في هذا التشغيل، العدد الفعلي الحالي = 3
2026-07-28 22:35:55 | INFO    | --- إنشاء الفهارس (المفتاح الأساسي لكل جدول إن وُجد) ---
2026-07-28 22:35:55 | INFO    | تم إنشاء فهرس فريد على Sgaza.الهوية
2026-07-28 22:35:55 | INFO    | تم إنشاء فهرس فريد على المحافظات.رقم المحافظة
2026-07-28 22:35:55 | INFO    | اكتملت عملية الترحيل بنجاح خلال 0.0 ثانية. ملخص الجداول: {'Sgaza': 23, 'المحافظات': 3}
2026-07-28 22:35:55 | INFO    | ============================================================
2026-07-28 22:39:11 | INFO    | ============================================================
2026-07-28 22:39:11 | INFO    | بدء عملية الترحيل التلقائي (كل الجداول)
2026-07-28 22:39:11 | INFO    | ============================================================
2026-07-28 22:39:11 | INFO    | توقفت العملية بسبب خطأ. التقدم محفوظ، راجع logs/errors.log ثم أعد التشغيل.
2026-07-28 22:39:51 | INFO    | ============================================================
2026-07-28 22:39:51 | INFO    | بدء عملية الترحيل التلقائي (كل الجداول)
2026-07-28 22:39:51 | INFO    | ============================================================
2026-07-28 22:39:51 | INFO    | توقفت العملية بسبب خطأ. التقدم محفوظ، راجع logs/errors.log ثم أعد التشغيل.
